Running Gradle task 'assembleDebug'...                          
flutter : lib/screens/p
rofile/profile_screen.d
art:66:30: Error: The 
getter 'authProvider' 
isn't defined for the 
type 'ProfileScreen'.
At line:1 char:1
+ flutter build apk 
--debug > 
build_output.txt 2>&1
+ ~~~~~~~~~~~~~~~~~~~~~
~~~~~~~~~~~~~~~~~~~~~~~
~~~~~
    + CategoryInfo     
         : NotSpecifi  
  ed: (lib/screens/p   
 ro...ProfileScreen    
'.:String) [], Rem    
oteException
    + FullyQualifiedEr 
   rorId : NativeComm  
  andError
 
 - 'ProfileScreen' is 
from 'package:rise_tomo
rrow/screens/profile/pr
ofile_screen.dart' ('li
b/screens/profile/profi
le_screen.dart').
Try correcting the 
name to the name of an 
existing getter, or 
defining a getter or 
field named 
'authProvider'.
              await ref
.read(authProvider.noti
fier).signOut();
                       
      ^^^^^^^^^^^^
Target kernel_snapshot_
program failed: 
Exception


FAILURE: Build failed 
with an exception.

* What went wrong:
Execution failed for 
task ':app:compileFlutt
erBuildDebug'.
> Process 'command 'C:\
Users\godpr\develop\flu
tter\bin\flutter.bat'' 
finished with non-zero 
exit value 1

* Try:
> Run with 
--stacktrace option to 
get the stack trace.
> Run with --info or 
--debug option to get 
more log output.
> Run with --scan to 
get full insights.
> Get more help at http
s://help.gradle.org.

BUILD FAILED in 7s
Running Gradle task 'assembleDebug'...                              7.7s
Gradle task 
assembleDebug failed 
with exit code 1
